[2026-04-24 09:02:36] (ERROR @ C:\xampp\htdocs\airport\core\src\Revolution\modX.php : 1085) `FORGOT_PAGE_ID` is not a valid integer and may not be passed to makeUrl()
[2026-04-24 09:02:36] (ERROR in resource 6 @ C:\xampp\htdocs\airport\core\src\Revolution\modLinkTag.php : 108) Bad link tag `[[~FORGOT_PAGE_ID]]` encountered
[2026-05-15 06:19:16] (ERROR @ C:\xampp\htdocs\airport\core\src\Revolution\Processors\SoftwareUpdate\GetList.php : 88) PHP warning: Trying to access array offset on value of type null
[2026-06-25 10:51:13] (ERROR in xPDO\xPDOConnection::connect @ C:\xampp\htdocs\airport\core\vendor\xpdo\xpdo\src\xPDO\xPDOConnection.php : 89) SQLSTATE[HY000] [1045] Access denied for user 'root'@'localhost' (using password: NO)
[2026-06-25 10:51:13] (ERROR @ C:\xampp\htdocs\airport\core\vendor\xpdo\xpdo\src\xPDO\Om\xPDOQuery.php : 670) Could not construct or prepare query because it is invalid or could not connect: SELECT `modExtensionPackage`.`id`, `modExtensionPackage`.`namespace`, `modExtensionPackage`.`name`, `modExtensionPackage`.`path`, `modExtensionPackage`.`table_prefix`, `modExtensionPackage`.`service_class`, `modExtensionPackage`.`service_name`, `modExtensionPackage`.`created_at`, `modExtensionPackage`.`updated_at`, Namespace.path AS namespace_path FROM `modx_extension_packages` AS `modExtensionPackage` JOIN `modx_namespaces` `Namespace` ON `modExtensionPackage`.`namespace` =  `Namespace`.`name` ORDER BY namespace ASC 
[2026-06-25 10:51:14] (ERROR in xPDO\xPDOConnection::connect @ C:\xampp\htdocs\airport\core\vendor\xpdo\xpdo\src\xPDO\xPDOConnection.php : 89) SQLSTATE[HY000] [1045] Access denied for user 'root'@'localhost' (using password: NO)
[2026-06-25 10:51:14] (ERROR @ C:\xampp\htdocs\airport\core\vendor\xpdo\xpdo\src\xPDO\Om\xPDOQuery.php : 670) Could not construct or prepare query because it is invalid or could not connect: SELECT `modSession`.`id` AS `modSession_id`, `modSession`.`access` AS `modSession_access`, `modSession`.`data` AS `modSession_data` FROM `modx_session` AS `modSession` WHERE `modSession`.`id` = ? 
[2026-06-25 10:51:14] (ERROR in xPDO\xPDOConnection::connect @ C:\xampp\htdocs\airport\core\vendor\xpdo\xpdo\src\xPDO\xPDOConnection.php : 89) SQLSTATE[HY000] [1045] Access denied for user 'root'@'localhost' (using password: NO)
[2026-06-25 10:51:14] (ERROR @ C:\xampp\htdocs\airport\core\vendor\xpdo\xpdo\src\xPDO\Om\xPDOObject.php : 250) Error preparing statement for query: SELECT `modSession`.`id` AS `modSession_id`, `modSession`.`access` AS `modSession_access`, `modSession`.`data` AS `modSession_data` FROM `modx_session` AS `modSession` WHERE `modSession`.`id` = ?  - 
[2026-06-25 10:51:17] (ERROR in xPDO\xPDOConnection::connect @ C:\xampp\htdocs\airport\core\vendor\xpdo\xpdo\src\xPDO\xPDOConnection.php : 89) SQLSTATE[HY000] [1045] Access denied for user 'root'@'localhost' (using password: NO)
[2026-06-25 10:51:17] (ERROR in xPDO\xPDOConnection::connect @ C:\xampp\htdocs\airport\core\vendor\xpdo\xpdo\src\xPDO\xPDOConnection.php : 89) SQLSTATE[HY000] [1045] Access denied for user 'root'@'localhost' (using password: NO)
[2026-06-25 10:51:17] (ERROR in xPDO\xPDOConnection::connect @ C:\xampp\htdocs\airport\core\vendor\xpdo\xpdo\src\xPDO\xPDOConnection.php : 89) SQLSTATE[HY000] [1045] Access denied for user 'root'@'localhost' (using password: NO)
[2026-06-25 10:51:17] (ERROR in xPDO\xPDOConnection::connect @ C:\xampp\htdocs\airport\core\vendor\xpdo\xpdo\src\xPDO\xPDOConnection.php : 89) SQLSTATE[HY000] [1045] Access denied for user 'root'@'localhost' (using password: NO)
[2026-06-25 10:51:17] (ERROR in xPDO\xPDOConnection::connect @ C:\xampp\htdocs\airport\core\vendor\xpdo\xpdo\src\xPDO\xPDOConnection.php : 89) SQLSTATE[HY000] [1045] Access denied for user 'root'@'localhost' (using password: NO)
[2026-06-25 10:51:17] (ERROR in xPDO\xPDOConnection::connect @ C:\xampp\htdocs\airport\core\vendor\xpdo\xpdo\src\xPDO\xPDOConnection.php : 89) SQLSTATE[HY000] [1045] Access denied for user 'root'@'localhost' (using password: NO)
[2026-06-25 10:51:17] (ERROR in xPDO\xPDOConnection::connect @ C:\xampp\htdocs\airport\core\vendor\xpdo\xpdo\src\xPDO\xPDOConnection.php : 89) SQLSTATE[HY000] [1045] Access denied for user 'root'@'localhost' (using password: NO)
[2026-06-25 10:51:17] (ERROR in xPDO\xPDOConnection::connect @ C:\xampp\htdocs\airport\core\vendor\xpdo\xpdo\src\xPDO\xPDOConnection.php : 89) SQLSTATE[HY000] [1045] Access denied for user 'root'@'localhost' (using password: NO)
[2026-06-25 10:51:17] (ERROR in xPDO\xPDOConnection::connect @ C:\xampp\htdocs\airport\core\vendor\xpdo\xpdo\src\xPDO\xPDOConnection.php : 89) SQLSTATE[HY000] [1045] Access denied for user 'root'@'localhost' (using password: NO)
[2026-06-25 10:51:17] (ERROR in xPDO\xPDOConnection::connect @ C:\xampp\htdocs\airport\core\vendor\xpdo\xpdo\src\xPDO\xPDOConnection.php : 89) SQLSTATE[HY000] [1045] Access denied for user 'root'@'localhost' (using password: NO)
[2026-06-25 10:51:17] (ERROR in xPDO\xPDOConnection::connect @ C:\xampp\htdocs\airport\core\vendor\xpdo\xpdo\src\xPDO\xPDOConnection.php : 89) SQLSTATE[HY000] [1045] Access denied for user 'root'@'localhost' (using password: NO)
[2026-06-25 10:51:17] (ERROR in xPDO\xPDOConnection::connect @ C:\xampp\htdocs\airport\core\vendor\xpdo\xpdo\src\xPDO\xPDOConnection.php : 89) SQLSTATE[HY000] [1045] Access denied for user 'root'@'localhost' (using password: NO)
[2026-06-25 10:51:17] (ERROR in xPDO\xPDOConnection::connect @ C:\xampp\htdocs\airport\core\vendor\xpdo\xpdo\src\xPDO\xPDOConnection.php : 89) SQLSTATE[HY000] [1045] Access denied for user 'root'@'localhost' (using password: NO)
[2026-06-25 10:51:17] (ERROR in xPDO\xPDOConnection::connect @ C:\xampp\htdocs\airport\core\vendor\xpdo\xpdo\src\xPDO\xPDOConnection.php : 89) SQLSTATE[HY000] [1045] Access denied for user 'root'@'localhost' (using password: NO)
[2026-06-25 10:51:17] (ERROR in xPDO\xPDOConnection::connect @ C:\xampp\htdocs\airport\core\vendor\xpdo\xpdo\src\xPDO\xPDOConnection.php : 89) SQLSTATE[HY000] [1045] Access denied for user 'root'@'localhost' (using password: NO)
[2026-06-25 10:51:17] (ERROR in xPDO\xPDOConnection::connect @ C:\xampp\htdocs\airport\core\vendor\xpdo\xpdo\src\xPDO\xPDOConnection.php : 89) SQLSTATE[HY000] [1045] Access denied for user 'root'@'localhost' (using password: NO)
[2026-06-25 10:51:17] (ERROR in xPDO\xPDOConnection::connect @ C:\xampp\htdocs\airport\core\vendor\xpdo\xpdo\src\xPDO\xPDOConnection.php : 89) SQLSTATE[HY000] [1045] Access denied for user 'root'@'localhost' (using password: NO)
[2026-06-25 10:51:17] (ERROR in xPDO\xPDOConnection::connect @ C:\xampp\htdocs\airport\core\vendor\xpdo\xpdo\src\xPDO\xPDOConnection.php : 89) SQLSTATE[HY000] [1045] Access denied for user 'root'@'localhost' (using password: NO)
[2026-06-25 10:51:17] (ERROR in xPDO\xPDOConnection::connect @ C:\xampp\htdocs\airport\core\vendor\xpdo\xpdo\src\xPDO\xPDOConnection.php : 89) SQLSTATE[HY000] [1045] Access denied for user 'root'@'localhost' (using password: NO)
[2026-06-25 10:51:18] (ERROR in xPDO\xPDOConnection::connect @ C:\xampp\htdocs\airport\core\vendor\xpdo\xpdo\src\xPDO\xPDOConnection.php : 89) SQLSTATE[HY000] [1045] Access denied for user 'root'@'localhost' (using password: NO)
[2026-06-25 10:51:18] (ERROR in xPDO\xPDOConnection::connect @ C:\xampp\htdocs\airport\core\vendor\xpdo\xpdo\src\xPDO\xPDOConnection.php : 89) SQLSTATE[HY000] [1045] Access denied for user 'root'@'localhost' (using password: NO)
[2026-06-25 10:51:18] (ERROR in xPDO\xPDOConnection::connect @ C:\xampp\htdocs\airport\core\vendor\xpdo\xpdo\src\xPDO\xPDOConnection.php : 89) SQLSTATE[HY000] [1045] Access denied for user 'root'@'localhost' (using password: NO)
[2026-06-25 10:51:18] (ERROR in xPDO\xPDOConnection::connect @ C:\xampp\htdocs\airport\core\vendor\xpdo\xpdo\src\xPDO\xPDOConnection.php : 89) SQLSTATE[HY000] [1045] Access denied for user 'root'@'localhost' (using password: NO)
[2026-06-25 10:51:18] (ERROR in xPDO\xPDOConnection::connect @ C:\xampp\htdocs\airport\core\vendor\xpdo\xpdo\src\xPDO\xPDOConnection.php : 89) SQLSTATE[HY000] [1045] Access denied for user 'root'@'localhost' (using password: NO)
[2026-06-25 10:51:18] (ERROR in xPDO\xPDOConnection::connect @ C:\xampp\htdocs\airport\core\vendor\xpdo\xpdo\src\xPDO\xPDOConnection.php : 89) SQLSTATE[HY000] [1045] Access denied for user 'root'@'localhost' (using password: NO)
[2026-06-25 10:51:18] (ERROR in xPDO\xPDOConnection::connect @ C:\xampp\htdocs\airport\core\vendor\xpdo\xpdo\src\xPDO\xPDOConnection.php : 89) SQLSTATE[HY000] [1045] Access denied for user 'root'@'localhost' (using password: NO)
[2026-06-25 10:51:18] (ERROR in xPDO\xPDOConnection::connect @ C:\xampp\htdocs\airport\core\vendor\xpdo\xpdo\src\xPDO\xPDOConnection.php : 89) SQLSTATE[HY000] [1045] Access denied for user 'root'@'localhost' (using password: NO)
[2026-06-25 10:51:18] (ERROR in xPDO\xPDOConnection::connect @ C:\xampp\htdocs\airport\core\vendor\xpdo\xpdo\src\xPDO\xPDOConnection.php : 89) SQLSTATE[HY000] [1045] Access denied for user 'root'@'localhost' (using password: NO)
[2026-06-25 10:51:18] (ERROR in xPDO\xPDOConnection::connect @ C:\xampp\htdocs\airport\core\vendor\xpdo\xpdo\src\xPDO\xPDOConnection.php : 89) SQLSTATE[HY000] [1045] Access denied for user 'root'@'localhost' (using password: NO)
[2026-06-25 10:51:18] (ERROR in xPDO\xPDOConnection::connect @ C:\xampp\htdocs\airport\core\vendor\xpdo\xpdo\src\xPDO\xPDOConnection.php : 89) SQLSTATE[HY000] [1045] Access denied for user 'root'@'localhost' (using password: NO)
[2026-06-25 10:51:18] (ERROR in xPDO\xPDOConnection::connect @ C:\xampp\htdocs\airport\core\vendor\xpdo\xpdo\src\xPDO\xPDOConnection.php : 89) SQLSTATE[HY000] [1045] Access denied for user 'root'@'localhost' (using password: NO)
[2026-06-25 10:51:18] (ERROR in xPDO\xPDOConnection::connect @ C:\xampp\htdocs\airport\core\vendor\xpdo\xpdo\src\xPDO\xPDOConnection.php : 89) SQLSTATE[HY000] [1045] Access denied for user 'root'@'localhost' (using password: NO)
[2026-06-25 10:51:18] (ERROR in xPDO\xPDOConnection::connect @ C:\xampp\htdocs\airport\core\vendor\xpdo\xpdo\src\xPDO\xPDOConnection.php : 89) SQLSTATE[HY000] [1045] Access denied for user 'root'@'localhost' (using password: NO)
[2026-06-25 10:51:18] (ERROR @ C:\xampp\htdocs\airport\core\vendor\xpdo\xpdo\src\xPDO\Om\xPDOQuery.php : 670) Could not construct or prepare query because it is invalid or could not connect: SELECT DISTINCT `language` FROM `modx_lexicon_entries` AS `modLexiconEntry` WHERE  ( `modLexiconEntry`.`namespace` = ? AND `modLexiconEntry`.`language` NOT IN (,,,,,,,,,,,,,,,,,,,,,,,,,,,,,,,) )  
[2026-06-25 10:51:19] (ERROR in xPDO\xPDOConnection::connect @ C:\xampp\htdocs\airport\core\vendor\xpdo\xpdo\src\xPDO\xPDOConnection.php : 89) SQLSTATE[HY000] [1045] Access denied for user 'root'@'localhost' (using password: NO)
[2026-06-25 10:51:19] (ERROR @ C:\xampp\htdocs\airport\core\vendor\xpdo\xpdo\src\xPDO\Om\xPDOQuery.php : 670) Could not construct or prepare query because it is invalid or could not connect: SELECT modAccessContext.id, modAccessContext.target, modAccessContext.principal, modAccessContext.authority, modAccessContext.policy, Policy.data FROM `modx_access_context` AS `modAccessContext` LEFT JOIN `modx_access_policies` `Policy` ON `modAccessContext`.`policy` =  `Policy`.`id` WHERE  ( `modAccessContext`.`principal_class` = ? AND `modAccessContext`.`target` = ? )  ORDER BY modAccessContext.target,modAccessContext.principal,modAccessContext.authority,modAccessContext.policy ASC 
[2026-06-25 10:51:19] (ERROR in xPDO\xPDOConnection::connect @ C:\xampp\htdocs\airport\core\vendor\xpdo\xpdo\src\xPDO\xPDOConnection.php : 89) SQLSTATE[HY000] [1045] Access denied for user 'root'@'localhost' (using password: NO)
[2026-06-25 10:51:19] (ERROR @ C:\xampp\htdocs\airport\core\vendor\xpdo\xpdo\src\xPDO\Om\xPDOObject.php : 250) Error preparing statement for query: SELECT modAccessContext.id, modAccessContext.target, modAccessContext.principal, modAccessContext.authority, modAccessContext.policy, Policy.data FROM `modx_access_context` AS `modAccessContext` LEFT JOIN `modx_access_policies` `Policy` ON `modAccessContext`.`policy` =  `Policy`.`id` WHERE  ( `modAccessContext`.`principal_class` = ? AND `modAccessContext`.`target` = ? )  ORDER BY modAccessContext.target,modAccessContext.principal,modAccessContext.authority,modAccessContext.policy ASC  - 
[2026-06-25 10:51:19] (ERROR @ C:\xampp\htdocs\airport\core\vendor\xpdo\xpdo\src\xPDO\Om\xPDOObject.php : 251) PHP warning: Trying to access array offset on value of type bool
[2026-06-25 10:51:19] (ERROR @ C:\xampp\htdocs\airport\core\vendor\xpdo\xpdo\src\xPDO\Om\xPDOObject.php : 251) PHP warning: Trying to access array offset on value of type bool
[2026-06-25 10:51:20] (ERROR in xPDO\xPDOConnection::connect @ C:\xampp\htdocs\airport\core\vendor\xpdo\xpdo\src\xPDO\xPDOConnection.php : 89) SQLSTATE[HY000] [1045] Access denied for user 'root'@'localhost' (using password: NO)
[2026-06-25 10:51:20] (ERROR in xPDO\xPDOConnection::connect @ C:\xampp\htdocs\airport\core\vendor\xpdo\xpdo\src\xPDO\xPDOConnection.php : 89) SQLSTATE[HY000] [1045] Access denied for user 'root'@'localhost' (using password: NO)
[2026-06-25 10:51:20] (ERROR in xPDO\xPDOConnection::connect @ C:\xampp\htdocs\airport\core\vendor\xpdo\xpdo\src\xPDO\xPDOConnection.php : 89) SQLSTATE[HY000] [1045] Access denied for user 'root'@'localhost' (using password: NO)
[2026-06-25 10:51:20] (ERROR @ C:\xampp\htdocs\airport\core\vendor\xpdo\xpdo\src\xPDO\Om\xPDOQuery.php : 670) Could not construct or prepare query because it is invalid or could not connect: SELECT `modActionDom`.`id`, `modActionDom`.`set`, `modActionDom`.`action`, `modActionDom`.`name`, `modActionDom`.`description`, `modActionDom`.`xtype`, `modActionDom`.`container`, `modActionDom`.`rule`, `modActionDom`.`value`, `modActionDom`.`constraint`, `modActionDom`.`constraint_field`, `modActionDom`.`constraint_class`, `modActionDom`.`active`, `modActionDom`.`for_parent`, `modActionDom`.`rank`, `FCSet`.`constraint_class`, `FCSet`.`constraint_field`, `FCSet`.`constraint`, `FCSet`.`template` FROM `modx_actiondom` AS `modActionDom` JOIN `modx_fc_sets` `FCSet` ON `modActionDom`.`set` =  `FCSet`.`id` JOIN `modx_fc_profiles` `Profile` ON FCSet.profile = Profile.id LEFT JOIN `modx_fc_profiles_usergroups` `ProfileUserGroup` ON Profile.id = ProfileUserGroup.profile LEFT JOIN `modx_fc_profiles` `UGProfile` ON UGProfile.id = ProfileUserGroup.profile WHERE  ( `modActionDom`.`action` IN (,) AND  ( `FCSet`.`active` = ? AND `Profile`.`active` = ? )  )  ORDER BY modActionDom.rank ASC 
[2026-06-25 10:51:20] (ERROR in xPDO\xPDOConnection::connect @ C:\xampp\htdocs\airport\core\vendor\xpdo\xpdo\src\xPDO\xPDOConnection.php : 89) SQLSTATE[HY000] [1045] Access denied for user 'root'@'localhost' (using password: NO)
[2026-06-25 10:51:20] (ERROR @ C:\xampp\htdocs\airport\core\vendor\xpdo\xpdo\src\xPDO\Om\xPDOObject.php : 250) Error preparing statement for query: SELECT `modActionDom`.`id`, `modActionDom`.`set`, `modActionDom`.`action`, `modActionDom`.`name`, `modActionDom`.`description`, `modActionDom`.`xtype`, `modActionDom`.`container`, `modActionDom`.`rule`, `modActionDom`.`value`, `modActionDom`.`constraint`, `modActionDom`.`constraint_field`, `modActionDom`.`constraint_class`, `modActionDom`.`active`, `modActionDom`.`for_parent`, `modActionDom`.`rank`, `FCSet`.`constraint_class`, `FCSet`.`constraint_field`, `FCSet`.`constraint`, `FCSet`.`template` FROM `modx_actiondom` AS `modActionDom` JOIN `modx_fc_sets` `FCSet` ON `modActionDom`.`set` =  `FCSet`.`id` JOIN `modx_fc_profiles` `Profile` ON FCSet.profile = Profile.id LEFT JOIN `modx_fc_profiles_usergroups` `ProfileUserGroup` ON Profile.id = ProfileUserGroup.profile LEFT JOIN `modx_fc_profiles` `UGProfile` ON UGProfile.id = ProfileUserGroup.profile WHERE  ( `modActionDom`.`action` IN (,) AND  ( `FCSet`.`active` = ? AND `Profile`.`active` = ? )  )  ORDER BY modActionDom.rank ASC  - 
[2026-06-25 10:51:20] (ERROR @ C:\xampp\htdocs\airport\core\vendor\xpdo\xpdo\src\xPDO\Om\xPDOObject.php : 251) PHP warning: Trying to access array offset on value of type bool
[2026-06-25 10:51:20] (ERROR @ C:\xampp\htdocs\airport\core\vendor\xpdo\xpdo\src\xPDO\Om\xPDOObject.php : 251) PHP warning: Trying to access array offset on value of type bool
[2026-06-25 10:51:22] (ERROR in xPDO\xPDOConnection::connect @ C:\xampp\htdocs\airport\core\vendor\xpdo\xpdo\src\xPDO\xPDOConnection.php : 89) SQLSTATE[HY000] [1045] Access denied for user 'root'@'localhost' (using password: NO)
[2026-06-25 10:51:22] (ERROR @ C:\xampp\htdocs\airport\core\vendor\xpdo\xpdo\src\xPDO\Om\xPDOQuery.php : 670) Could not construct or prepare query because it is invalid or could not connect: SELECT `modSession`.`id` AS `modSession_id`, `modSession`.`access` AS `modSession_access`, `modSession`.`data` AS `modSession_data` FROM `modx_session` AS `modSession` WHERE `modSession`.`id` = ? 
[2026-06-25 10:51:22] (ERROR in xPDO\xPDOConnection::connect @ C:\xampp\htdocs\airport\core\vendor\xpdo\xpdo\src\xPDO\xPDOConnection.php : 89) SQLSTATE[HY000] [1045] Access denied for user 'root'@'localhost' (using password: NO)
[2026-06-25 10:51:22] (ERROR @ C:\xampp\htdocs\airport\core\vendor\xpdo\xpdo\src\xPDO\Om\xPDOObject.php : 250) Error preparing statement for query: SELECT `modSession`.`id` AS `modSession_id`, `modSession`.`access` AS `modSession_access`, `modSession`.`data` AS `modSession_data` FROM `modx_session` AS `modSession` WHERE `modSession`.`id` = ?  - 
[2026-06-25 10:51:22] (ERROR in xPDO\xPDOConnection::connect @ C:\xampp\htdocs\airport\core\vendor\xpdo\xpdo\src\xPDO\xPDOConnection.php : 89) SQLSTATE[HY000] [1045] Access denied for user 'root'@'localhost' (using password: NO)
[2026-06-25 10:51:22] (ERROR in xPDO\xPDOConnection::connect @ C:\xampp\htdocs\airport\core\vendor\xpdo\xpdo\src\xPDO\xPDOConnection.php : 89) SQLSTATE[HY000] [1045] Access denied for user 'root'@'localhost' (using password: NO)
[2026-07-03 05:43:10] (ERROR in xPDO\xPDOConnection::connect @ C:\xampp\htdocs\airport\core\vendor\xpdo\xpdo\src\xPDO\xPDOConnection.php : 89) SQLSTATE[HY000] [2002] No connection could be made because the target machine actively refused it
[2026-07-03 05:43:10] (ERROR @ C:\xampp\htdocs\airport\core\vendor\xpdo\xpdo\src\xPDO\Om\xPDOQuery.php : 670) Could not construct or prepare query because it is invalid or could not connect: SELECT `modExtensionPackage`.`id`, `modExtensionPackage`.`namespace`, `modExtensionPackage`.`name`, `modExtensionPackage`.`path`, `modExtensionPackage`.`table_prefix`, `modExtensionPackage`.`service_class`, `modExtensionPackage`.`service_name`, `modExtensionPackage`.`created_at`, `modExtensionPackage`.`updated_at`, Namespace.path AS namespace_path FROM `modx_extension_packages` AS `modExtensionPackage` JOIN `modx_namespaces` `Namespace` ON `modExtensionPackage`.`namespace` =  `Namespace`.`name` ORDER BY namespace ASC 
[2026-07-03 05:43:10] (ERROR in xPDO\xPDOConnection::connect @ C:\xampp\htdocs\airport\core\vendor\xpdo\xpdo\src\xPDO\xPDOConnection.php : 89) SQLSTATE[HY000] [2002] No connection could be made because the target machine actively refused it
[2026-07-03 05:43:10] (ERROR @ C:\xampp\htdocs\airport\core\vendor\xpdo\xpdo\src\xPDO\Om\xPDOQuery.php : 670) Could not construct or prepare query because it is invalid or could not connect: SELECT `modExtensionPackage`.`id`, `modExtensionPackage`.`namespace`, `modExtensionPackage`.`name`, `modExtensionPackage`.`path`, `modExtensionPackage`.`table_prefix`, `modExtensionPackage`.`service_class`, `modExtensionPackage`.`service_name`, `modExtensionPackage`.`created_at`, `modExtensionPackage`.`updated_at`, Namespace.path AS namespace_path FROM `modx_extension_packages` AS `modExtensionPackage` JOIN `modx_namespaces` `Namespace` ON `modExtensionPackage`.`namespace` =  `Namespace`.`name` ORDER BY namespace ASC 
